MPLINK 4.49, Linker
Linker Map File - Created Sat Jun 14 18:12:37 2014

                                 Section Info
                  Section       Type    Address   Location Size(Bytes)
                ---------  ---------  ---------  ---------  ---------
                   .org_0       code   0x000000    program   0x0001c0
                   .cinit    romdata   0x0000e0    program   0x000004
.config_2007_AAA TILT MOUSE RELEASE1,2.O       code   0x002007    program   0x000002



                              Program Memory Usage 
                               Start         End      
                           ---------   ---------      
                            0x000000    0x0000e1      
                            0x002007    0x002007      
            227 out of 4359 program addresses used, program memory utilization is 5%



                              Symbols - Sorted by Name
                     Name    Address   Location    Storage File                     
                ---------  ---------  ---------  --------- ---------                
                    Delay   0x0000db    program     static C:\Users\Jonathan\Desktop\tech\Final Project\AAA Tilt Mouse Release1,2.asm
                IncrXHigh   0x0000a1    program     static C:\Users\Jonathan\Desktop\tech\Final Project\AAA Tilt Mouse Release1,2.asm
                IncrYHigh   0x0000be    program     static C:\Users\Jonathan\Desktop\tech\Final Project\AAA Tilt Mouse Release1,2.asm
                     Main   0x00004f    program     static C:\Users\Jonathan\Desktop\tech\Final Project\AAA Tilt Mouse Release1,2.asm
                MouseInit   0x000091    program     static C:\Users\Jonathan\Desktop\tech\Final Project\AAA Tilt Mouse Release1,2.asm
              MouseReboot   0x00008d    program     static C:\Users\Jonathan\Desktop\tech\Final Project\AAA Tilt Mouse Release1,2.asm
                    ReadX   0x000095    program     static C:\Users\Jonathan\Desktop\tech\Final Project\AAA Tilt Mouse Release1,2.asm
                    ReadY   0x0000b2    program     static C:\Users\Jonathan\Desktop\tech\Final Project\AAA Tilt Mouse Release1,2.asm
                  Receive   0x0000d6    program     static C:\Users\Jonathan\Desktop\tech\Final Project\AAA Tilt Mouse Release1,2.asm
                    Start   0x000001    program     static C:\Users\Jonathan\Desktop\tech\Final Project\AAA Tilt Mouse Release1,2.asm
                   SubtrX   0x0000a5    program     static C:\Users\Jonathan\Desktop\tech\Final Project\AAA Tilt Mouse Release1,2.asm
                   SubtrY   0x0000c2    program     static C:\Users\Jonathan\Desktop\tech\Final Project\AAA Tilt Mouse Release1,2.asm
                 Transmit   0x0000cf    program     static C:\Users\Jonathan\Desktop\tech\Final Project\AAA Tilt Mouse Release1,2.asm
             _.org_0_0083   0x000083    program     static C:\Users\Jonathan\Desktop\tech\Final Project\AAA Tilt Mouse Release1,2.asm
             _.org_0_008E   0x00008e    program     static C:\Users\Jonathan\Desktop\tech\Final Project\AAA Tilt Mouse Release1,2.asm
             _.org_0_0096   0x000096    program     static C:\Users\Jonathan\Desktop\tech\Final Project\AAA Tilt Mouse Release1,2.asm
             _.org_0_0098   0x000098    program     static C:\Users\Jonathan\Desktop\tech\Final Project\AAA Tilt Mouse Release1,2.asm
             _.org_0_009F   0x00009f    program     static C:\Users\Jonathan\Desktop\tech\Final Project\AAA Tilt Mouse Release1,2.asm
             _.org_0_00A9   0x0000a9    program     static C:\Users\Jonathan\Desktop\tech\Final Project\AAA Tilt Mouse Release1,2.asm
             _.org_0_00B3   0x0000b3    program     static C:\Users\Jonathan\Desktop\tech\Final Project\AAA Tilt Mouse Release1,2.asm
             _.org_0_00B5   0x0000b5    program     static C:\Users\Jonathan\Desktop\tech\Final Project\AAA Tilt Mouse Release1,2.asm
             _.org_0_00BC   0x0000bc    program     static C:\Users\Jonathan\Desktop\tech\Final Project\AAA Tilt Mouse Release1,2.asm
             _.org_0_00C6   0x0000c6    program     static C:\Users\Jonathan\Desktop\tech\Final Project\AAA Tilt Mouse Release1,2.asm
             _.org_0_00D2   0x0000d2    program     static C:\Users\Jonathan\Desktop\tech\Final Project\AAA Tilt Mouse Release1,2.asm



                              Symbols - Sorted by Address
                     Name    Address   Location    Storage File                     
                ---------  ---------  ---------  --------- ---------                
                    Start   0x000001    program     static C:\Users\Jonathan\Desktop\tech\Final Project\AAA Tilt Mouse Release1,2.asm
                     Main   0x00004f    program     static C:\Users\Jonathan\Desktop\tech\Final Project\AAA Tilt Mouse Release1,2.asm
             _.org_0_0083   0x000083    program     static C:\Users\Jonathan\Desktop\tech\Final Project\AAA Tilt Mouse Release1,2.asm
              MouseReboot   0x00008d    program     static C:\Users\Jonathan\Desktop\tech\Final Project\AAA Tilt Mouse Release1,2.asm
             _.org_0_008E   0x00008e    program     static C:\Users\Jonathan\Desktop\tech\Final Project\AAA Tilt Mouse Release1,2.asm
                MouseInit   0x000091    program     static C:\Users\Jonathan\Desktop\tech\Final Project\AAA Tilt Mouse Release1,2.asm
                    ReadX   0x000095    program     static C:\Users\Jonathan\Desktop\tech\Final Project\AAA Tilt Mouse Release1,2.asm
             _.org_0_0096   0x000096    program     static C:\Users\Jonathan\Desktop\tech\Final Project\AAA Tilt Mouse Release1,2.asm
             _.org_0_0098   0x000098    program     static C:\Users\Jonathan\Desktop\tech\Final Project\AAA Tilt Mouse Release1,2.asm
             _.org_0_009F   0x00009f    program     static C:\Users\Jonathan\Desktop\tech\Final Project\AAA Tilt Mouse Release1,2.asm
                IncrXHigh   0x0000a1    program     static C:\Users\Jonathan\Desktop\tech\Final Project\AAA Tilt Mouse Release1,2.asm
                   SubtrX   0x0000a5    program     static C:\Users\Jonathan\Desktop\tech\Final Project\AAA Tilt Mouse Release1,2.asm
             _.org_0_00A9   0x0000a9    program     static C:\Users\Jonathan\Desktop\tech\Final Project\AAA Tilt Mouse Release1,2.asm
                    ReadY   0x0000b2    program     static C:\Users\Jonathan\Desktop\tech\Final Project\AAA Tilt Mouse Release1,2.asm
             _.org_0_00B3   0x0000b3    program     static C:\Users\Jonathan\Desktop\tech\Final Project\AAA Tilt Mouse Release1,2.asm
             _.org_0_00B5   0x0000b5    program     static C:\Users\Jonathan\Desktop\tech\Final Project\AAA Tilt Mouse Release1,2.asm
             _.org_0_00BC   0x0000bc    program     static C:\Users\Jonathan\Desktop\tech\Final Project\AAA Tilt Mouse Release1,2.asm
                IncrYHigh   0x0000be    program     static C:\Users\Jonathan\Desktop\tech\Final Project\AAA Tilt Mouse Release1,2.asm
                   SubtrY   0x0000c2    program     static C:\Users\Jonathan\Desktop\tech\Final Project\AAA Tilt Mouse Release1,2.asm
             _.org_0_00C6   0x0000c6    program     static C:\Users\Jonathan\Desktop\tech\Final Project\AAA Tilt Mouse Release1,2.asm
                 Transmit   0x0000cf    program     static C:\Users\Jonathan\Desktop\tech\Final Project\AAA Tilt Mouse Release1,2.asm
             _.org_0_00D2   0x0000d2    program     static C:\Users\Jonathan\Desktop\tech\Final Project\AAA Tilt Mouse Release1,2.asm
                  Receive   0x0000d6    program     static C:\Users\Jonathan\Desktop\tech\Final Project\AAA Tilt Mouse Release1,2.asm
                    Delay   0x0000db    program     static C:\Users\Jonathan\Desktop\tech\Final Project\AAA Tilt Mouse Release1,2.asm


