MPLINK 4.49, Linker
Linker Map File - Created Thu Jun 12 15:44:18 2014

                                 Section Info
                  Section       Type    Address   Location Size(Bytes)
                ---------  ---------  ---------  ---------  ---------
                   .org_0       code   0x000000    program   0x0000ee
                   .cinit    romdata   0x000077    program   0x000004
.config_2007_AAA KEYBOARD.O       code   0x002007    program   0x000002



                              Program Memory Usage 
                               Start         End      
                           ---------   ---------      
                            0x000000    0x000078      
                            0x002007    0x002007      
            122 out of 4359 program addresses used, program memory utilization is 2%



                              Symbols - Sorted by Name
                     Name    Address   Location    Storage File                     
                ---------  ---------  ---------  --------- ---------                
                    Delay   0x000072    program     static C:\Users\Jonathan\Desktop\tech\Keyboard\AAA Keyboard.asm
                     Main   0x00004f    program     static C:\Users\Jonathan\Desktop\tech\Keyboard\AAA Keyboard.asm
                MouseInit   0x000062    program     static C:\Users\Jonathan\Desktop\tech\Keyboard\AAA Keyboard.asm
              MouseReboot   0x00005e    program     static C:\Users\Jonathan\Desktop\tech\Keyboard\AAA Keyboard.asm
                  Receive   0x00006d    program     static C:\Users\Jonathan\Desktop\tech\Keyboard\AAA Keyboard.asm
                    Start   0x000001    program     static C:\Users\Jonathan\Desktop\tech\Keyboard\AAA Keyboard.asm
                 Transmit   0x000066    program     static C:\Users\Jonathan\Desktop\tech\Keyboard\AAA Keyboard.asm
             _.org_0_005F   0x00005f    program     static C:\Users\Jonathan\Desktop\tech\Keyboard\AAA Keyboard.asm
             _.org_0_0069   0x000069    program     static C:\Users\Jonathan\Desktop\tech\Keyboard\AAA Keyboard.asm



                              Symbols - Sorted by Address
                     Name    Address   Location    Storage File                     
                ---------  ---------  ---------  --------- ---------                
                    Start   0x000001    program     static C:\Users\Jonathan\Desktop\tech\Keyboard\AAA Keyboard.asm
                     Main   0x00004f    program     static C:\Users\Jonathan\Desktop\tech\Keyboard\AAA Keyboard.asm
              MouseReboot   0x00005e    program     static C:\Users\Jonathan\Desktop\tech\Keyboard\AAA Keyboard.asm
             _.org_0_005F   0x00005f    program     static C:\Users\Jonathan\Desktop\tech\Keyboard\AAA Keyboard.asm
                MouseInit   0x000062    program     static C:\Users\Jonathan\Desktop\tech\Keyboard\AAA Keyboard.asm
                 Transmit   0x000066    program     static C:\Users\Jonathan\Desktop\tech\Keyboard\AAA Keyboard.asm
             _.org_0_0069   0x000069    program     static C:\Users\Jonathan\Desktop\tech\Keyboard\AAA Keyboard.asm
                  Receive   0x00006d    program     static C:\Users\Jonathan\Desktop\tech\Keyboard\AAA Keyboard.asm
                    Delay   0x000072    program     static C:\Users\Jonathan\Desktop\tech\Keyboard\AAA Keyboard.asm


